# Temperature (K), Total Electron Impact Excitation RC (cm3 s-1) 
1.0 0.0
1.0985411419875581 0.0
1.2067926406393286 0.0
1.3257113655901092 0.0
1.4563484775012439 0.0
1.599858719606058 0.0
1.7575106248547918 0.0
1.93069772888325 0.0
2.120950887920191 0.0
2.329951810515372 0.0
2.5595479226995357 0.0
2.8117686979742302 0.0
3.088843596477481 0.0
3.393221771895328 0.0
3.72759372031494 0.0
4.094915062380425 0.0
4.498432668969445 0.0
4.941713361323834 0.0
5.428675439323859 0.0
5.963623316594643 0.0
6.551285568595508 0.0
7.196856730011519 0.0
7.906043210907698 0.0
8.685113737513525 0.0
9.54095476349994 0.0
10.481131341546858 0.0
11.513953993264469 0.0
12.648552168552959 0.0
13.894954943731374 0.0
15.264179671752334 0.0
16.768329368110074 0.0
18.420699693267153 0.0
20.235896477251565 0.0
22.229964825261945 0.0
24.42053094548651 0.0
26.826957952797247 0.0
29.4705170255181 0.0
32.374575428176435 0.0
35.564803062231285 0.0
39.06939937054615 0.0
42.91934260128776 0.0
47.14866363457392 0.0
51.7947467923121 0.0
56.89866029018296 0.0
62.505519252739695 0.0
68.66488450042998 0.0
75.43120063354615 0.0
82.86427728546842 0.0
91.02981779915217 0.0
100.0 0.0
